// Jest Snapshot v1, https://goo.gl/fbAQLP

exports[`<DetailHead /> renders without crashing 1`] = `
<div>
  <div
    className="detail head"
  >
    <div
      className="title zlw-lg-2-3 zlw-sm-2-2"
    >
      <div
        className="main-title title"
      >
        berkeley
      </div>
      <div
        className="sub-title title"
      >
        lorem
      </div>
    </div>
    <div
      className="floater zlw-lg-1-3 zlw-sm-2-2"
    >
      <div
        className="price-area"
      >
        <div
          className="status"
        >
          <i
            className="fas fa-circle"
          />
          New Construction
        </div>
        <div
          className="price"
        >
          $
          10,000
        </div>
        <div
          className="zestimate"
        >
          <span
            className="tooltip"
          >
            <span
              className="tooltip-btn"
              onClick={[Function]}
            />
            Zestimate
          </span>
          <sup>
            Â®
          </sup>
          : $
          13,200
        </div>
      </div>
      <div
        className="calculator"
      >
        <div
          className="cal-head"
        >
          Est. Mortgage
        </div>
        <PopupCal
          price={10000}
        />
        <div
          className="cal-btn"
        >
          <a
            href="#"
          >
            <i
              className="fas fa-dollar-sign"
            />
             Get pre-qualified
          </a>
        </div>
      </div>
    </div>
  </div>
</div>
`;
